WARNING: Image format was not specified for '../../image/bullseye.img' and probing guessed raw.
         Automatically detecting the format is dangerous for raw images, write operations on block 0 will be restricted.
         Specify the 'raw' format explicitly to remove the restrictions.
c[?7l[2J[0mSeaBIOS (version 1.16.3-debian-1.16.3-2)


iPXE (https://ipxe.org) 00:03.0 CA00 PCI2.10 PnP PMM+BEFCAD00+BEF0AD00 CA00
Press Ctrl-B to configure iPXE (PCI 00:03.0)...                                                                               


Booting from ROM...
c[?7l[2JNo EFI environment detected.
early console in extract_kernel
input_data: 0x00000000040e42c1
input_len: 0x00000000016cec1a
output: 0x0000000001000000
output_len: 0x000000000474ae38
kernel_total_size: 0x0000000003c2c000
needed_size: 0x0000000004800000
trampoline_32bit: 0x0000000000000000


KASLR disabled: 'nokaslr' on cmdline.


Decompressing Linux... No EFI environment detected.
Parsing ELF... No relocation needed... done.
Booting the kernel (entry_offset: 0x0000000000000080).
[    0.000000] Linux version 6.6.31 (bam@bam-Lenovo-G400) (gcc (Ubuntu 13.3.0-6ubuntu2~24.04) 13.3.0, GNU ld (GNU Binutils for Ubuntu) 2.42) #2 SMP PREEMPT_DYNAMIC Mon Jan  6 21:46:10 WIB 2025
[    0.000000] Command line: console=ttyS0 root=/dev/sda earlyprintk=serial net.ifnames=0 nokaslr
[    0.000000] BIOS-provided physical RAM map:
[    0.000000] BIOS-e820: [mem 0x0000000000000000-0x000000000009fbff] usable
[    0.000000] BIOS-e820: [mem 0x000000000009fc00-0x000000000009ffff] reserved
[    0.000000] BIOS-e820: [mem 0x00000000000f0000-0x00000000000fffff] reserved
[    0.000000] BIOS-e820: [mem 0x0000000000100000-0x00000000bffdffff] usable
[    0.000000] BIOS-e820: [mem 0x00000000bffe0000-0x00000000bfffffff] reserved
[    0.000000] BIOS-e820: [mem 0x00000000feffc000-0x00000000feffffff] reserved
[    0.000000] BIOS-e820: [mem 0x00000000fffc0000-0x00000000ffffffff] reserved
[    0.000000] BIOS-e820: [mem 0x0000000100000000-0x000000013fffffff] usable
[    0.000000] printk: bootconsole [earlyser0] enabled
[    0.000000] NX (Execute Disable) protection: active
[    0.000000] APIC: Static calls initialized
[    0.000000] SMBIOS 3.0.0 present.
[    0.000000] DMI: QEMU Ubuntu 24.04 PC (i440FX + PIIX, 1996), BIOS 1.16.3-debian-1.16.3-2 04/01/2014
[    0.000000] Hypervisor detected: KVM
[    0.000000] kvm-clock: Using msrs 4b564d01 and 4b564d00
[    0.000004] kvm-clock: using sched offset of 672843047 cycles
[    0.001643] clocksource: kvm-clock: mask: 0xffffffffffffffff max_cycles: 0x1cd42e4dffb, max_idle_ns: 881590591483 ns
[    0.009015] tsc: Detected 1895.717 MHz processor
[    0.016122] last_pfn = 0x140000 max_arch_pfn = 0x400000000
[    0.018918] MTRR map: 4 entries (3 fixed + 1 variable; max 19), built from 8 variable MTRRs
[    0.022085] x86/PAT: Configuration [0-7]: WB  WC  UC- UC  WB  WP  UC- WT  
[    0.025737] last_pfn = 0xbffe0 max_arch_pfn = 0x400000000
[    0.053874] found SMP MP-table at [mem 0x000f5480-0x000f548f]
[    0.056601] ACPI: Early table checksum verification disabled
[    0.058473] ACPI: RSDP 0x00000000000F5280 000014 (v00 BOCHS )
[    0.060968] ACPI: RSDT 0x00000000BFFE1C9B 000034 (v01 BOCHS  BXPC     00000001 BXPC 00000001)
[    0.064851] ACPI: FACP 0x00000000BFFE1B47 000074 (v01 BOCHS  BXPC     00000001 BXPC 00000001)
[    0.068031] ACPI: DSDT 0x00000000BFFE0040 001B07 (v01 BOCHS  BXPC     00000001 BXPC 00000001)
[    0.072070] ACPI: FACS 0x00000000BFFE0000 000040
[    0.073932] ACPI: APIC 0x00000000BFFE1BBB 000080 (v03 BOCHS  BXPC     00000001 BXPC 00000001)
[    0.078370] ACPI: HPET 0x00000000BFFE1C3B 000038 (v01 BOCHS  BXPC     00000001 BXPC 00000001)
[    0.082123] ACPI: WAET 0x00000000BFFE1C73 000028 (v01 BOCHS  BXPC     00000001 BXPC 00000001)
[    0.086175] ACPI: Reserving FACP table memory at [mem 0xbffe1b47-0xbffe1bba]
[    0.089848] ACPI: Reserving DSDT table memory at [mem 0xbffe0040-0xbffe1b46]
[    0.092069] ACPI: Reserving FACS table memory at [mem 0xbffe0000-0xbffe003f]
[    0.094260] ACPI: Reserving APIC table memory at [mem 0xbffe1bbb-0xbffe1c3a]
[    0.096384] ACPI: Reserving HPET table memory at [mem 0xbffe1c3b-0xbffe1c72]
[    0.099430] ACPI: Reserving WAET table memory at [mem 0xbffe1c73-0xbffe1c9a]
[    0.103920] No NUMA configuration found
[    0.106037] Faking a node at [mem 0x0000000000000000-0x000000013fffffff]
[    0.109049] NODE_DATA(0) allocated [mem 0x13fff7000-0x13fffcfff]
[    0.111442] Zone ranges:
[    0.112916]   DMA      [mem 0x0000000000001000-0x0000000000ffffff]
[    0.115926]   DMA32    [mem 0x0000000001000000-0x00000000ffffffff]
[    0.118744]   Normal   [mem 0x0000000100000000-0x000000013fffffff]
[    0.121881]   Device   empty
[    0.123663] Movable zone start for each node
[    0.125371] Early memory node ranges
[    0.127294]   node   0: [mem 0x0000000000001000-0x000000000009efff]
[    0.129292]   node   0: [mem 0x0000000000100000-0x00000000bffdffff]
[    0.132225]   node   0: [mem 0x0000000100000000-0x000000013fffffff]
[    0.135656] Initmem setup node 0 [mem 0x0000000000001000-0x000000013fffffff]
[    0.139618] On node 0, zone DMA: 1 pages in unavailable ranges
[    0.139735] On node 0, zone DMA: 97 pages in unavailable ranges
[    0.162934] On node 0, zone Normal: 32 pages in unavailable ranges
[    0.167058] ACPI: LAPIC_NMI (acpi_id[0xff] dfl dfl lint[0x1])
[    0.171397] IOAPIC[0]: apic_id 0, version 17, address 0xfec00000, GSI 0-23
[    0.174398] ACPI: INT_SRC_OVR (bus 0 bus_irq 0 global_irq 2 dfl dfl)
[    0.176579] ACPI: INT_SRC_OVR (bus 0 bus_irq 5 global_irq 5 high level)
[    0.178631] ACPI: INT_SRC_OVR (bus 0 bus_irq 9 global_irq 9 high level)
[    0.180673] ACPI: INT_SRC_OVR (bus 0 bus_irq 10 global_irq 10 high level)
[    0.184758] ACPI: INT_SRC_OVR (bus 0 bus_irq 11 global_irq 11 high level)
[    0.188731] ACPI: Using ACPI (MADT) for SMP configuration information
[    0.191545] ACPI: HPET id: 0x8086a201 base: 0xfed00000
[    0.193601] TSC deadline timer available
[    0.195936] smpboot: Allowing 2 CPUs, 0 hotplug CPUs
[    0.198124] kvm-guest: APIC: eoi() replaced with kvm_guest_apic_eoi_write()
[    0.201076] kvm-guest: KVM setup pv remote TLB flush
[    0.203966] kvm-guest: setup PV sched yield
[    0.206454] [mem 0xc0000000-0xfeffbfff] available for PCI devices
[    0.208287] Booting paravirtualized kernel on KVM
[    0.209840] clocksource: refined-jiffies: mask: 0xffffffff max_cycles: 0xffffffff, max_idle_ns: 1910969940391419 ns
[    0.227597] setup_percpu: NR_CPUS:512 nr_cpumask_bits:2 nr_cpu_ids:2 nr_node_ids:1
[    0.232404] percpu: Embedded 63 pages/cpu s221184 r8192 d28672 u1048576
[    0.234987] kvm-guest: PV spinlocks enabled
[    0.237713] PV qspinlock hash table entries: 256 (order: 0, 4096 bytes, linear)
[    0.240758] Kernel command line: console=ttyS0 root=/dev/sda earlyprintk=serial net.ifnames=0 nokaslr
[    0.245624] Unknown kernel command line parameters "nokaslr", will be passed to user space.
[    0.252702] Dentry cache hash table entries: 524288 (order: 10, 4194304 bytes, linear)
[    0.259246] Inode-cache hash table entries: 262144 (order: 9, 2097152 bytes, linear)
[    0.263425] Fallback order for Node 0: 0 
[    0.263432] Built 1 zonelists, mobility grouping on.  Total pages: 1031904
[    0.268272] Policy zone: Normal
[    0.269389] mem auto-init: stack:off, heap alloc:off, heap free:off
[    0.271459] software IO TLB: area num 2.
[    0.328855] Memory: 3148364K/4193784K available (22528K kernel code, 3716K rwdata, 19860K rodata, 4140K init, 3600K bss, 200700K reserved, 0K cma-reserved)
[    0.346094] SLUB: HWalign=64, Order=0-3, MinObjects=0, CPUs=2, Nodes=1
[    0.348743] Kernel/User page tables isolation: enabled
Poking KASLR using RDTSC...
[    0.354985] ftrace: allocating 67327 entries in 263 pages
[    0.376277] ftrace: allocated 263 pages with 4 groups
[    0.381948] Dynamic Preempt: none
[    0.384086] rcu: Preemptible hierarchical RCU implementation.
[    0.387272] rcu: 	RCU restricting CPUs from NR_CPUS=512 to nr_cpu_ids=2.
[    0.390131] 	Trampoline variant of Tasks RCU enabled.
[    0.393088] 	Rude variant of Tasks RCU enabled.
[    0.396849] 	Tracing variant of Tasks RCU enabled.
[    0.399434] rcu: RCU calculated value of scheduler-enlistment delay is 100 jiffies.
[    0.404330] rcu: Adjusting geometry for rcu_fanout_leaf=16, nr_cpu_ids=2
[    0.421082] NR_IRQS: 33024, nr_irqs: 440, preallocated irqs: 16
[    0.424768] rcu: srcu_init: Setting srcu_struct sizes based on contention.
[    0.451112] Console: colour VGA+ 80x25
[    0.461870] printk: console [ttyS0] enabled
[    0.461870] printk: console [ttyS0] enabled
[    0.477053] printk: bootconsole [earlyser0] disabled
[    0.477053] printk: bootconsole [earlyser0] disabled
[    0.484722] ACPI: Core revision 20230628
[    0.489734] clocksource: hpet: mask: 0xffffffff max_cycles: 0xffffffff, max_idle_ns: 19112604467 ns
[    0.500237] APIC: Switch to symmetric I/O mode setup
[    0.503786] x2apic enabled
[    0.509073] APIC: Switched APIC routing to: physical x2apic
[    0.521180] kvm-guest: APIC: send_IPI_mask() replaced with kvm_send_ipi_mask()
[    0.530180] kvm-guest: APIC: send_IPI_mask_allbutself() replaced with kvm_send_ipi_mask_allbutself()
[    0.538501] kvm-guest: setup PV IPIs
[    0.546520] ..TIMER: vector=0x30 apic1=0 pin1=2 apic2=-1 pin2=-1
[    0.549858] clocksource: tsc-early: mask: 0xffffffffffffffff max_cycles: 0x36a6bbde8fd, max_idle_ns: 881590613987 ns
[    0.555923] Calibrating delay loop (skipped) preset value.. 3791.43 BogoMIPS (lpj=1895717)
[    0.557140] x86/cpu: User Mode Instruction Prevention (UMIP) activated
[    0.558063] Last level iTLB entries: 4KB 0, 2MB 0, 4MB 0
[    0.558932] Last level dTLB entries: 4KB 0, 2MB 0, 4MB 0, 1GB 0
[    0.559969] Spectre V1 : Mitigation: usercopy/swapgs barriers and __user pointer sanitization
[    0.561929] Spectre V2 : Mitigation: Retpolines
[    0.562936] Spectre V2 : Spectre v2 / SpectreRSB mitigation: Filling RSB on context switch
[    0.563934] Spectre V2 : Spectre v2 / SpectreRSB : Filling RSB on VMEXIT
[    0.564933] Spectre V2 : Enabling Restricted Speculation for firmware calls
[    0.565932] Spectre V2 : mitigation: Enabling conditional Indirect Branch Prediction Barrier
[    0.566940] Speculative Store Bypass: Mitigation: Speculative Store Bypass disabled via prctl
[    0.567940] MDS: Mitigation: Clear CPU buffers
[    0.569942] MMIO Stale Data: Unknown: No mitigations
[    0.570951] x86/fpu: Supporting XSAVE feature 0x001: 'x87 floating point registers'
[    0.571933] x86/fpu: Supporting XSAVE feature 0x002: 'SSE registers'
[    0.572933] x86/fpu: Enabled xstate features 0x3, context size is 576 bytes, using 'standard' format.
[    0.612136] Freeing SMP alternatives memory: 64K
[    0.612938] pid_max: default: 32768 minimum: 301
[    0.615435] LSM: initializing lsm=capability,bpf,integrity
[    0.616308] LSM support for eBPF active
[    0.618153] Mount-cache hash table entries: 8192 (order: 4, 65536 bytes, linear)
[    0.618941] Mountpoint-cache hash table entries: 8192 (order: 4, 65536 bytes, linear)
[    0.622340] smpboot: CPU0: Intel(R) Celeron(R) CPU 1005M @ 1.90GHz (family: 0x6, model: 0x3a, stepping: 0x9)
[    0.623311] RCU Tasks: Setting shift to 1 and lim to 1 rcu_task_cb_adjust=1.
[    0.624075] RCU Tasks Rude: Setting shift to 1 and lim to 1 rcu_task_cb_adjust=1.
[    0.625191] RCU Tasks Trace: Setting shift to 1 and lim to 1 rcu_task_cb_adjust=1.
[    0.626023] Performance Events: IvyBridge events, full-width counters, Intel PMU driver.
[    0.626954] ... version:                2
[    0.627937] ... bit width:              48
[    0.628936] ... generic registers:      8
[    0.629956] ... value mask:             0000ffffffffffff
[    0.630937] ... max period:             00007fffffffffff
[    0.631936] ... fixed-purpose events:   3
[    0.632935] ... event mask:             00000007000000ff
[    0.634622] signal: max sigframe size: 1520
[    0.635150] rcu: Hierarchical SRCU implementation.
[    0.635938] rcu: 	Max phase no-delay instances is 400.
[    0.637497] smp: Bringing up secondary CPUs ...
[    0.638259] smpboot: x86: Booting SMP configuration:
[    0.638947] .... node  #0, CPUs:      #1
[    0.641298] smp: Brought up 1 node, 2 CPUs
[    0.642938] smpboot: Max logical packages: 1
[    0.643938] smpboot: Total of 2 processors activated (7582.86 BogoMIPS)
[    0.651042] node 0 deferred pages initialised in 3ms
[    0.654257] devtmpfs: initialized
[    0.655038] x86/mm: Memory block size: 128MB
[    0.657961] clocksource: jiffies: mask: 0xffffffff max_cycles: 0xffffffff, max_idle_ns: 1911260446275000 ns
[    0.658955] futex hash table entries: 512 (order: 3, 32768 bytes, linear)
[    0.660389] PM: RTC time: 14:13:57, date: 2025-01-22
[    0.664355] NET: Registered PF_NETLINK/PF_ROUTE protocol family
[    0.665127] DMA: preallocated 512 KiB GFP_KERNEL pool for atomic allocations
[    0.665951] DMA: preallocated 512 KiB GFP_KERNEL|GFP_DMA pool for atomic allocations
[    0.666957] DMA: preallocated 512 KiB GFP_KERNEL|GFP_DMA32 pool for atomic allocations
[    0.667969] audit: initializing netlink subsys (disabled)
[    0.669568] thermal_sys: Registered thermal governor 'step_wise'
[    0.669568] thermal_sys: Registered thermal governor 'user_space'
[    0.669948] audit: type=2000 audit(1737555237.667:1): state=initialized audit_enabled=0 res=1
[    0.683939] cpuidle: using governor ladder
[    0.685207] cpuidle: using governor menu
[    0.686961] acpiphp: ACPI Hot Plug PCI Controller Driver version: 0.5
[    0.688435] PCI: Using configuration type 1 for base access
[    0.689192] core: PMU erratum BJ122, BV98, HSD29 workaround disabled, HT off
[    0.690255] kprobes: kprobe jump-optimization is enabled. All kprobes are optimized if possible.
[    0.755982] HugeTLB: registered 2.00 MiB page size, pre-allocated 0 pages
[    0.756931] HugeTLB: 28 KiB vmemmap can be freed for a 2.00 MiB page
[    0.758439] cryptd: max_cpu_qlen set to 1000
[    0.775929] raid6: sse2x4   gen()  8006 MB/s
[    0.793929] raid6: sse2x2   gen()  8689 MB/s
[    0.811937] raid6: sse2x1   gen()  7349 MB/s
[    0.812934] raid6: using algorithm sse2x2 gen() 8689 MB/s
[    0.830931] raid6: .... xor() 4904 MB/s, rmw enabled
[    0.831933] raid6: using ssse3x2 recovery algorithm
[    0.833005] ACPI: Added _OSI(Module Device)
[    0.833939] ACPI: Added _OSI(Processor Device)
[    0.834938] ACPI: Added _OSI(3.0 _SCP Extensions)
[    0.835937] ACPI: Added _OSI(Processor Aggregator Device)
[    0.837884] ACPI: 1 ACPI AML tables successfully acquired and loaded
[    0.849307] ACPI: _OSC evaluation for CPUs failed, trying _PDC
[    0.849307] ACPI: Interpreter enabled
[    0.852981] ACPI: PM: (supports S0 S3 S5)
[    0.859938] ACPI: Using IOAPIC for interrupt routing
[    0.866999] PCI: Using host bridge windows from ACPI; if necessary, use "pci=nocrs" and report a bug
[    0.883936] PCI: Using E820 reservations for host bridge windows
[    0.895059] ACPI: Enabled 2 GPEs in block 00 to 0F
[    0.920838] ACPI: PCI Root Bridge [PCI0] (domain 0000 [bus 00-ff])
[    0.944961] acpi PNP0A03:00: _OSC: OS supports [ASPM ClockPM Segments MSI HPX-Type3]
[    0.947938] acpi PNP0A03:00: _OSC: not requesting OS control; OS requires [ExtendedConfig ASPM ClockPM MSI]
[    0.975971] acpi PNP0A03:00: fail to add MMCONFIG information, can't access extended configuration space under this bridge
[    0.995382] acpiphp: Slot [3] registered
[    1.003009] acpiphp: Slot [4] registered
[    1.013015] acpiphp: Slot [5] registered
[    1.021006] acpiphp: Slot [6] registered
[    1.033019] acpiphp: Slot [7] registered
[    1.040009] acpiphp: Slot [8] registered
[    1.048034] acpiphp: Slot [9] registered
[    1.057994] acpiphp: Slot [10] registered
[    1.064007] acpiphp: Slot [11] registered
[    1.076119] acpiphp: Slot [12] registered
[    1.079146] acpiphp: Slot [13] registered
[    1.086020] acpiphp: Slot [14] registered
[    1.094040] acpiphp: Slot [15] registered
[    1.097023] acpiphp: Slot [16] registered
[    1.104020] acpiphp: Slot [17] registered
[    1.111021] acpiphp: Slot [18] registered
[    1.116009] acpiphp: Slot [19] registered
[    1.124013] acpiphp: Slot [20] registered
[    1.130996] acpiphp: Slot [21] registered
[    1.137011] acpiphp: Slot [22] registered
[    1.146033] acpiphp: Slot [23] registered
[    1.152022] acpiphp: Slot [24] registered
[    1.153980] acpiphp: Slot [25] registered
[    1.160007] acpiphp: Slot [26] registered
[    1.161989] acpiphp: Slot [27] registered
[    1.170035] acpiphp: Slot [28] registered
[    1.173008] acpiphp: Slot [29] registered
[    1.175011] acpiphp: Slot [30] registered
[    1.188022] acpiphp: Slot [31] registered
[    1.190973] PCI host bridge to bus 0000:00
[    1.197941] pci_bus 0000:00: root bus resource [io  0x0000-0x0cf7 window]
[    1.204942] pci_bus 0000:00: root bus resource [io  0x0d00-0xffff window]
[    1.213948] pci_bus 0000:00: root bus resource [mem 0x000a0000-0x000bffff window]
[    1.219941] pci_bus 0000:00: root bus resource [mem 0xc0000000-0xfebfffff window]
[    1.233942] pci_bus 0000:00: root bus resource [mem 0x140000000-0x1bfffffff window]
[    1.248942] pci_bus 0000:00: root bus resource [bus 00-ff]
[    1.257067] pci 0000:00:00.0: [8086:1237] type 00 class 0x060000
[    1.265442] pci 0000:00:01.0: [8086:7000] type 00 class 0x060100
[    1.270551] pci 0000:00:01.1: [8086:7010] type 00 class 0x010180
[    1.277935] pci 0000:00:01.1: reg 0x20: [io  0xc040-0xc04f]
[    1.283934] pci 0000:00:01.1: legacy IDE quirk: reg 0x10: [io  0x01f0-0x01f7]
[    1.284090] pci 0000:00:01.1: legacy IDE quirk: reg 0x14: [io  0x03f6]
[    1.289939] pci 0000:00:01.1: legacy IDE quirk: reg 0x18: [io  0x0170-0x0177]
[    1.295974] pci 0000:00:01.1: legacy IDE quirk: reg 0x1c: [io  0x0376]
[    1.301934] pci 0000:00:01.3: [8086:7113] type 00 class 0x068000
[    1.306079] pci 0000:00:01.3: quirk: [io  0x0600-0x063f] claimed by PIIX4 ACPI
[    1.309992] pci 0000:00:01.3: quirk: [io  0x0700-0x070f] claimed by PIIX4 SMB
[    1.312576] pci 0000:00:02.0: [1234:1111] type 00 class 0x030000
[    1.319737] pci 0000:00:02.0: reg 0x10: [mem 0xfd000000-0xfdffffff pref]
[    1.326781] pci 0000:00:02.0: reg 0x18: [mem 0xfebb0000-0xfebb0fff]
[    1.337993] pci 0000:00:02.0: reg 0x30: [mem 0xfeba0000-0xfebaffff pref]
[    1.343208] pci 0000:00:02.0: Video device with shadowed ROM at [mem 0x000c0000-0x000dffff]
[    1.355250] pci 0000:00:03.0: [8086:100e] type 00 class 0x020000
[    1.361938] pci 0000:00:03.0: reg 0x10: [mem 0xfeb80000-0xfeb9ffff]
[    1.367946] pci 0000:00:03.0: reg 0x14: [io  0xc000-0xc03f]
[    1.380935] pci 0000:00:03.0: reg 0x30: [mem 0xfeb00000-0xfeb7ffff pref]
[    1.385935] ACPI: PCI: Interrupt link LNKA configured for IRQ 10
[    1.389195] ACPI: PCI: Interrupt link LNKB configured for IRQ 10
[    1.393184] ACPI: PCI: Interrupt link LNKC configured for IRQ 11
[    1.396287] ACPI: PCI: Interrupt link LNKD configured for IRQ 11
[    1.400090] ACPI: PCI: Interrupt link LNKS configured for IRQ 9
[    1.406635] iommu: Default domain type: Translated
[    1.406936] iommu: DMA domain TLB invalidation policy: lazy mode
[    1.408350] SCSI subsystem initialized
[    1.410125] pps_core: LinuxPPS API ver. 1 registered
[    1.410934] pps_core: Software ver. 5.3.6 - Copyright 2005-2007 Rodolfo Giometti <giometti@linux.it>
[    1.411956] PTP clock support registered
[    1.415183] PCI: Using ACPI for IRQ routing
[    1.418685] hpet0: at MMIO 0xfed00000, IRQs 2, 8, 0
[    1.420037] hpet0: 3 comparators, 64-bit 100.000000 MHz counter
[    1.430465] clocksource: Switched to clocksource kvm-clock
[    1.434914] VFS: Disk quotas dquot_6.6.0
[    1.439043] VFS: Dquot-cache hash table entries: 512 (order 0, 4096 bytes)
[    1.443347] FS-Cache: Loaded
[    1.445372] CacheFiles: Loaded
[    1.447542] pnp: PnP ACPI init
[    1.449681] pnp: PnP ACPI: found 6 devices
[    1.473113] NET: Registered PF_INET protocol family
[    1.478413] IP idents hash table entries: 65536 (order: 7, 524288 bytes, linear)
[    1.488657] tcp_listen_portaddr_hash hash table entries: 2048 (order: 3, 32768 bytes, linear)
[    1.494321] Table-perturb hash table entries: 65536 (order: 6, 262144 bytes, linear)
[    1.499035] TCP established hash table entries: 32768 (order: 6, 262144 bytes, linear)
[    1.503645] TCP bind hash table entries: 32768 (order: 8, 1048576 bytes, linear)
[    1.507443] TCP: Hash tables configured (established 32768 bind 32768)
[    1.514829] UDP hash table entries: 2048 (order: 4, 65536 bytes, linear)
[    1.520876] UDP-Lite hash table entries: 2048 (order: 4, 65536 bytes, linear)
[    1.526610] NET: Registered PF_UNIX/PF_LOCAL protocol family
[    1.534119] RPC: Registered named UNIX socket transport module.
[    1.539632] RPC: Registered udp transport module.
[    1.542921] RPC: Registered tcp transport module.
[    1.546223] RPC: Registered tcp-with-tls transport module.
[    1.549271] RPC: Registered tcp NFSv4.1 backchannel transport module.
[    1.552057] NET: Registered PF_XDP protocol family
[    1.554763] pci_bus 0000:00: resource 4 [io  0x0000-0x0cf7 window]
[    1.559041] pci_bus 0000:00: resource 5 [io  0x0d00-0xffff window]
[    1.564323] pci_bus 0000:00: resource 6 [mem 0x000a0000-0x000bffff window]
[    1.569354] pci_bus 0000:00: resource 7 [mem 0xc0000000-0xfebfffff window]
[    1.574229] pci_bus 0000:00: resource 8 [mem 0x140000000-0x1bfffffff window]
[    1.581662] pci 0000:00:01.0: PIIX3: Enabling Passive Release
[    1.586987] pci 0000:00:00.0: Limiting direct PCI/PCI transfers
[    1.591993] PCI: CLS 0 bytes, default 64
[    1.597769] PCI-DMA: Using software bounce buffering for IO (SWIOTLB)
[    1.603079] software IO TLB: mapped [mem 0x00000000bbfe0000-0x00000000bffe0000] (64MB)
[    1.611595] RAPL PMU: API unit is 2^-32 Joules, 0 fixed counters, 10737418240 ms ovfl timer
[    1.792770] kvm_amd: CPU 0 isn't AMD or Hygon
[    1.794611] clocksource: tsc: mask: 0xffffffffffffffff max_cycles: 0x36a6bbde8fd, max_idle_ns: 881590613987 ns
[    1.800890] Initialise system trusted keyrings
[    1.805769] workingset: timestamp_bits=40 max_order=20 bucket_order=0
[    1.811247] squashfs: version 4.0 (2009/01/31) Phillip Lougher
[    1.816618] NFS: Registering the id_resolver key type
[    1.818757] Key type id_resolver registered
[    1.820995] Key type id_legacy registered
[    1.823979] nfs4filelayout_init: NFSv4 File Layout Driver Registering...
[    1.828508] nfs4flexfilelayout_init: NFSv4 Flexfile Layout Driver Registering...
[    1.839876] Key type cifs.spnego registered
[    1.843015] Key type cifs.idmap registered
[    1.844780] ntfs: driver 2.1.32 [Flags: R/O].
[    1.848219] fuse: init (API version 7.39)
[    1.850636] SGI XFS with ACLs, security attributes, quota, no debug enabled
[    1.857386] 9p: Installing v9fs 9p2000 file system support
[    1.874562] NET: Registered PF_ALG protocol family
[    1.878376] xor: measuring software checksum speed
[    1.882441]    prefetch64-sse  : 13397 MB/sec
[    1.885744]    generic_sse     : 11800 MB/sec
[    1.888010] xor: using function: prefetch64-sse (13397 MB/sec)
[    1.891485] Key type asymmetric registered
[    1.893927] Asymmetric key parser 'x509' registered
[    1.896799] Block layer SCSI generic (bsg) driver version 0.4 loaded (major 247)
[    1.901892] io scheduler mq-deadline registered
[    1.905187] io scheduler kyber registered
[    1.906481] io scheduler bfq registered
[    1.911923] input: Power Button as /devices/LNXSYSTM:00/LNXPWRBN:00/input/input0
[    1.915542] ACPI: button: Power Button [PWRF]
[    1.921649] Serial: 8250/16550 driver, 4 ports, IRQ sharing disabled
[    1.924621] 00:04: ttyS0 at I/O 0x3f8 (irq = 4, base_baud = 115200) is a 16550A
[    1.931131] Non-volatile memory driver v1.3
[    1.932942] AMD-Vi: AMD IOMMUv2 functionality not available on this system - This is not a bug.
[    1.942932] brd: module loaded
[    1.948007] loop: module loaded
[    1.949562] zram: Added device: zram0
[    1.950834] Guest personality initialized and is inactive
[    1.953442] VMCI host device registered (name=vmci, major=10, minor=126)
[    1.955844] Initialized host personality
[    1.957382] Loading iSCSI transport class v2.0-870.
[    1.960164] iscsi: registered transport (tcp)
[    1.961874] VMware PVSCSI driver - version 1.0.7.0-k
[    1.963609] hv_vmbus: registering driver hv_storvsc
[    1.968347] scsi host0: ata_piix
[    1.970058] scsi host1: ata_piix
[    1.971741] ata1: PATA max MWDMA2 cmd 0x1f0 ctl 0x3f6 bmdma 0xc040 irq 14
[    1.974103] ata2: PATA max MWDMA2 cmd 0x170 ctl 0x376 bmdma 0xc048 irq 15
[    1.982630] Rounding down aligned max_sectors from 4294967295 to 4294967288
[    1.985619] db_root: cannot open: /etc/target
[    1.990899] wireguard: WireGuard 1.0.0 loaded. See www.wireguard.com for information.
[    1.994028] wireguard: Copyright (C) 2015-2019 Jason A. Donenfeld <Jason@zx2c4.com>. All Rights Reserved.
[    1.998732] tun: Universal TUN/TAP device driver, 1.6
[    2.002774] e100: Intel(R) PRO/100 Network Driver
[    2.006020] e100: Copyright(c) 1999-2006 Intel Corporation
[    2.008597] e1000: Intel(R) PRO/1000 Network Driver
[    2.017470] e1000: Copyright (c) 1999-2006 Intel Corporation.
[    2.072718] ACPI: \_SB_.LNKC: Enabled at IRQ 11
[    2.135185] ata2: found unknown device (class 0)
[    2.143702] ata2.00: ATAPI: QEMU DVD-ROM, 2.5+, max UDMA/100
[    2.151281] ata1: found unknown device (class 0)
[    2.170884] ata1.00: ATA-7: QEMU HARDDISK, 2.5+, max UDMA/100
[    2.175491] ata1.00: 4194304 sectors, multi 16: LBA48 
[    2.183206] scsi 0:0:0:0: Direct-Access     ATA      QEMU HARDDISK    2.5+ PQ: 0 ANSI: 5
[    2.194247] sd 0:0:0:0: [sda] 4194304 512-byte logical blocks: (2.15 GB/2.00 GiB)
[    2.199150] scsi 1:0:0:0: CD-ROM            QEMU     QEMU DVD-ROM     2.5+ PQ: 0 ANSI: 5
[    2.202689] sd 0:0:0:0: [sda] Write Protect is off
[    2.202726] sd 0:0:0:0: [sda] Write cache: enabled, read cache: enabled, doesn't support DPO or FUA
[    2.203832] sd 0:0:0:0: [sda] Preferred minimum I/O size 512 bytes
[    2.250998] sd 0:0:0:0: [sda] Attached SCSI disk
[    2.269350] sr 1:0:0:0: [sr0] scsi3-mmc drive: 4x/4x cd/rw xa/form2 tray
[    2.279230] cdrom: Uniform CD-ROM driver Revision: 3.20
[    2.629126] e1000 0000:00:03.0 eth0: (PCI:33MHz:32-bit) 52:54:00:12:34:56
[    2.632574] e1000 0000:00:03.0 eth0: Intel(R) PRO/1000 Network Connection
[    2.635856] e1000e: Intel(R) PRO/1000 Network Driver
[    2.638958] e1000e: Copyright(c) 1999 - 2015 Intel Corporation.
[    2.640848] ixgbevf: Intel(R) 10 Gigabit PCI Express Virtual Function Network Driver
[    2.646653] ixgbevf: Copyright (c) 2009 - 2018 Intel Corporation.
[    2.649552] PPP generic driver version 2.4.2
[    2.652069] VMware vmxnet3 virtual NIC driver - version 1.7.0.0-k-NAPI
[    2.656245] e1000 0000:00:03.0 eth0: no netdev found for vf serial:3
[    2.658885] hv_vmbus: registering driver hv_netvsc
[    2.662024] VFIO - User Level meta-driver version: 0.3
[    2.664488] i8042: PNP: PS/2 Controller [PNP0303:KBD,PNP0f13:MOU] at 0x60,0x64 irq 1,12
[    2.669661] serio: i8042 KBD port at 0x60,0x64 irq 1
[    2.671547] serio: i8042 AUX port at 0x60,0x64 irq 12
[    2.673558] hv_vmbus: registering driver hyperv_keyboard
[    2.676868] rtc_cmos 00:05: RTC can wake from S4
[    2.681012] rtc_cmos 00:05: registered as rtc0
[    2.683442] rtc_cmos 00:05: alarms up to one day, y3k, 242 bytes nvram, hpet irqs
[    2.690019] iTCO_vendor_support: vendor-support=0
[    2.692627] input: AT Translated Set 2 keyboard as /devices/platform/i8042/serio0/input/input1
[    2.697032] device-mapper: ioctl: 4.48.0-ioctl (2023-03-01) initialised: dm-devel@redhat.com
[    2.701006] device-mapper: multipath round-robin: version 1.2.0 loaded
[    2.704135] device-mapper: multipath queue-length: version 0.2.0 loaded
[    2.707556] device-mapper: multipath service-time: version 0.3.0 loaded
[    2.711655] device-mapper: multipath historical-service-time: version 0.1.1 loaded
[    2.714258] intel_pstate: CPU model not supported
[    2.717240] hv_utils: Registering HyperV Utility Driver
[    2.718944] hv_vmbus: registering driver hv_utils
[    2.720416] hv_vmbus: registering driver hv_balloon
[    2.723228] GACT probability NOT on
[    2.725494] Mirror/redirect action on
[    2.726901] netem: version 1.3
[    2.729077] u32 classifier
[    2.730720]     input device check on
[    2.733353]     Actions configured
[    2.772452] xt_time: kernel timezone is -0000
[    2.775303] IPVS: Registered protocols (TCP, UDP, SCTP, AH, ESP)
[    2.778520] IPVS: Connection hash table configured (size=4096, memory=32Kbytes)
[    2.782143] IPVS: ipvs loaded.
[    2.783656] IPVS: [rr] scheduler registered.
[    2.786775] IPVS: [wrr] scheduler registered.
[    2.789146] IPVS: [lc] scheduler registered.
[    2.790704] IPVS: [wlc] scheduler registered.
[    2.793789] IPVS: [fo] scheduler registered.
[    2.795819] IPVS: [ovf] scheduler registered.
[    2.798285] IPVS: [lblc] scheduler registered.
[    2.802089] IPVS: [lblcr] scheduler registered.
[    2.804851] IPVS: [dh] scheduler registered.
[    2.806358] IPVS: [sh] scheduler registered.
[    2.808399] IPVS: [sed] scheduler registered.
[    2.810773] IPVS: [nq] scheduler registered.
[    2.813071] IPVS: [sip] pe registered.
[    2.815813] ipip: IPv4 and MPLS over IPv4 tunneling driver
[    2.818495] gre: GRE over IPv4 demultiplexor driver
[    2.821880] ip_gre: GRE over IPv4 tunneling driver
[    2.824261] Initializing XFRM netlink socket
[    2.825907] IPsec XFRM device driver
[    2.829594] NET: Registered PF_INET6 protocol family
[    2.836910] Segment Routing with IPv6
[    2.838553] In-situ OAM (IOAM) with IPv6
[    2.841445] ip6_gre: GRE over IPv6 tunneling driver
[    2.843439] NET: Registered PF_PACKET protocol family
[    2.845907] NET: Registered PF_KEY protocol family
[    2.848941] Bridge firewalling registered
[    2.850430] RPC: Registered rdma transport module.
[    2.853429] RPC: Registered rdma backchannel transport module.
[    2.856890] 8021q: 802.1Q VLAN Support v1.8
[    2.858625] 9pnet: Installing 9P2000 support
[    2.860273] Key type dns_resolver registered
[    2.862370] NET: Registered PF_VSOCK protocol family
[    2.867380] IPI shorthand broadcast: enabled
[    2.875607] sched_clock: Marking stable (2762009012, 113170855)->(3176836186, -301656319)
[    2.880895] registered taskstats version 1
[    2.882909] Loading compiled-in X.509 certificates
[    2.894445] PM:   Magic number: 9:275:233
[    2.896487] clk: Disabling unused clocks
[    2.900808] md: Waiting for all devices to be available before autodetect
[    2.903529] md: If you don't use raid, use raid=noautodetect
[    2.904743] md: Autodetecting RAID arrays.
[    2.907275] md: autorun ...
[    2.908593] md: ... autorun DONE.
[    2.921357] EXT4-fs (sda): INFO: recovery required on readonly filesystem
[    2.924214] EXT4-fs (sda): write access will be enabled during recovery
[    3.095381] EXT4-fs (sda): recovery complete
[    3.116936] EXT4-fs (sda): mounted filesystem 0e5b70f5-d7f9-412f-b310-f2e3b2941e8c ro with ordered data mode. Quota mode: none.
[    3.119610] VFS: Mounted root (ext4 filesystem) readonly on device 8:0.
[    3.123263] devtmpfs: mounted
[    3.125732] Freeing unused decrypted memory: 2028K
[    3.127627] Freeing unused kernel image (initmem) memory: 4140K
[    3.129709] Write protecting the kernel read-only data: 43008k
[    3.131574] Freeing unused kernel image (rodata/data gap) memory: 620K
[    3.133805] Run /sbin/init as init process
[    3.338697] systemd[1]: systemd 247.3-7+deb11u5 running in system mode. (+PAM +AUDIT +SELINUX +IMA +APPARMOR +SMACK +SYSVINIT +UTMP +LIBCRYPTSETUP +GCRYPT +GNUTLS +ACL +XZ +LZ4 +ZSTD +SECCOMP +BLKID +ELFUTILS +KMOD +IDN2 -IDN +PCRE2 default-hierarchy=unified)
[    3.344052] systemd[1]: Detected virtualization kvm.
[    3.345307] systemd[1]: Detected architecture x86-64.

Welcome to [1mDebian GNU/Linux 11 (bullseye)[0m!

[    3.350822] systemd[1]: Set hostname to <syzkaller>.
[    3.612758] systemd[1]: Queued start job for default target Graphical Interface.
[    3.777217] random: crng init done
[    3.785286] systemd[1]: Created slice system-getty.slice.
[[0;32m  OK  [0m] Created slice [0;1;39msystem-getty.slice[0m.
[    3.789209] systemd[1]: Created slice system-modprobe.slice.
[[0;32m  OK  [0m] Created slice [0;1;39msystem-modprobe.slice[0m.
[    3.792861] systemd[1]: Created slice system-serial\x2dgetty.slice.
[[0;32m  OK  [0m] Created slice [0;1;39msystem-serial\x2dgetty.slice[0m.
[    3.796417] systemd[1]: Started Dispatch Password Requests to Console Directory Watch.
[[0;32m  OK  [0m] Started [0;1;39mDispatch Password â€¦ts to Console Directory Watch[0m.
[    3.800807] systemd[1]: Started Forward Password Requests to Wall Directory Watch.
[[0;32m  OK  [0m] Started [0;1;39mForward Password Râ€¦uests to Wall Directory Watch[0m.
[    3.805203] systemd[1]: Set up automount Arbitrary Executable File Formats File System Automount Point.
[[0;32m  OK  [0m] Set up automount [0;1;39mArbitraryâ€¦s File System Automount Point[0m.
[    3.811581] systemd[1]: Reached target Local Encrypted Volumes.
[[0;32m  OK  [0m] Reached target [0;1;39mLocal Encrypted Volumes[0m.
[    3.816083] systemd[1]: Reached target Paths.
[[0;32m  OK  [0m] Reached target [0;1;39mPaths[0m.
[    3.820057] systemd[1]: Reached target Remote File Systems.
[[0;32m  OK  [0m] Reached target [0;1;39mRemote File Systems[0m.
[    3.824252] systemd[1]: Reached target Slices.
[[0;32m  OK  [0m] Reached target [0;1;39mSlices[0m.
[    3.826794] systemd[1]: Reached target Swap.
[[0;32m  OK  [0m] Reached target [0;1;39mSwap[0m.
[    3.829681] systemd[1]: Listening on Syslog Socket.
[[0;32m  OK  [0m] Listening on [0;1;39mSyslog Socket[0m.
[    3.832540] systemd[1]: Listening on initctl Compatibility Named Pipe.
[[0;32m  OK  [0m] Listening on [0;1;39minitctl Compatibility Named Pipe[0m.
[    3.837783] systemd[1]: Listening on Journal Audit Socket.
[[0;32m  OK  [0m] Listening on [0;1;39mJournal Audit Socket[0m.
[    3.841527] systemd[1]: Listening on Journal Socket (/dev/log).
[[0;32m  OK  [0m] Listening on [0;1;39mJournal Socket (/dev/log)[0m.
[    3.847927] systemd[1]: Listening on Journal Socket.
[[0;32m  OK  [0m] Listening on [0;1;39mJournal Socket[0m.
[    3.851644] systemd[1]: Listening on udev Control Socket.
[[0;32m  OK  [0m] Listening on [0;1;39mudev Control Socket[0m.
[    3.857040] systemd[1]: Listening on udev Kernel Socket.
[[0;32m  OK  [0m] Listening on [0;1;39mudev Kernel Socket[0m.
[    3.860043] systemd[1]: Reached target Sockets.
[[0;32m  OK  [0m] Reached target [0;1;39mSockets[0m.
[    3.871489] systemd[1]: Mounting Huge Pages File System...
         Mounting [0;1;39mHuge Pages File System[0m...
[    3.879979] systemd[1]: Mounting POSIX Message Queue File System...
         Mounting [0;1;39mPOSIX Message Queue File System[0m...
[    3.887261] systemd[1]: Mounting /proc/sys/fs/binfmt_misc...
         Mounting [0;1;39m/proc/sys/fs/binfmt_misc[0m...
[    3.896589] systemd[1]: Mounting /sys/kernel/config...
         Mounting [0;1;39m/sys/kernel/config[0m...
[    3.913518] systemd[1]: Mounting /sys/kernel/debug...
         Mounting [0;1;39m/sys/kernel/debug[0m...
[    3.922787] systemd[1]: Mounting Kernel Trace File System...
         Mounting [0;1;39mKernel Trace File System[0m...
[    3.928986] systemd[1]: Condition check resulted in Create list of static device nodes for the current kernel being skipped.
[    3.944543] systemd[1]: Starting Load Kernel Module fuse...
         Starting [0;1;39mLoad Kernel Module fuse[0m...
[    3.953584] systemd[1]: Starting Journal Service...
         Starting [0;1;39mJournal Service[0m...
[    3.959537] systemd[1]: Starting Load Kernel Modules...
         Starting [0;1;39mLoad Kernel Modules[0m...
[    3.966422] systemd[1]: Starting Remount Root and Kernel File Systems...
         Starting [0;1;39mRemount Root and Kernel File Systems[0m...
[    3.981566] systemd[1]: Starting Coldplug All udev Devices...
         Starting [0;1;39mColdplug All udev Devices[0m...
[    3.999855] systemd[1]: Mounted Huge Pages File System.
[[0;32m  OK  [0m] Mounted [0;1;39mHuge Pages File System[0m.
[    4.005835] systemd[1]: Mounted POSIX Message Queue File System.
[[0;32m  OK  [0m] Mounted [0;1;39mPOSIX Message Queue File System[0m.
[    4.020332] systemd[1]: Mounted /proc/sys/fs/binfmt_misc.
[[0;32m  OK  [0m] Mounted [0;1;39m/proc/sys/fs/binfmt_misc[0m.
[    4.027853] systemd[1]: Mounted /sys/kernel/config.
[[0;32m  OK  [0m] Mounted [0;1;39m/sys/kernel/config[0m.
[    4.033131] systemd[1]: Mounted /sys/kernel/debug.
[[0;32m  OK  [0m] Mounted [0;1;39m/sys/kernel/debug[0m.
[    4.037889] systemd[1]: Mounted Kernel Trace File System.
[[0;32m  OK  [0m] Mounted [0;1;39mKernel Trace File System[0m.
[    4.042880] systemd[1]: modprobe@fuse.service: Succeeded.
[    4.045852] systemd[1]: Finished Load Kernel Module fuse.
[    4.049290] EXT4-fs (sda): re-mounted 0e5b70f5-d7f9-412f-b310-f2e3b2941e8c r/w. Quota mode: none.
[[0;32m  OK  [0m] Finished [0;1;39mLoad Kernel Module fuse[0m.
[    4.059510] systemd[1]: Finished Load Kernel Modules.
[[0;32m  OK  [0m] Finished [0;1;39mLoad Kernel Modules[0m.
[    4.066278] systemd[1]: Finished Remount Root and Kernel File Systems.
[[0;32m  OK  [0m] Finished [0;1;39mRemount Root and Kernel File Systems[0m.
[    4.081041] systemd[1]: Mounting FUSE Control File System...
         Mounting [0;1;39mFUSE Control File System[0m...
[    4.094136] systemd[1]: Condition check resulted in Set Up Additional Binary Formats being skipped.
[    4.105357] systemd[1]: Condition check resulted in Rebuild Hardware Database being skipped.
[    4.111352] systemd[1]: Condition check resulted in Platform Persistent Storage Archival being skipped.
[    4.127653] systemd[1]: Starting Load/Save Random Seed...
         Starting [0;1;39mLoad/Save Random Seed[0m...
[    4.138127] systemd[1]: Starting Apply Kernel Variables...
         Starting [0;1;39mApply Kernel Variables[0m...
[    4.153056] systemd[1]: Starting Create System Users...
         Starting [0;1;39mCreate System Users[0m...
[    4.166380] systemd[1]: Started Journal Service.
[[0;32m  OK  [0m] Started [0;1;39mJournal Service[0m.
[[0;32m  OK  [0m] Mounted [0;1;39mFUSE Control File System[0m.
         Starting [0;1;39mFlush Journal to Persistent Storage[0m...
[[0;32m  OK  [0m] Finished [0;1;39mApply Kernel Variables[0m.
[    4.234018] systemd-journald[125]: Received client request to flush runtime journal.
[[0;32m  OK  [0m] Finished [0;1;39mLoad/Save Random Seed[0m.
[[0;32m  OK  [0m] Finished [0;1;39mCreate System Users[0m.
         Starting [0;1;39mCreate Static Device Nodes in /dev[0m...
[[0;32m  OK  [0m] Finished [0;1;39mColdplug All udev Devices[0m.
[    4.309169] systemd-journald[125]: File /var/log/journal/d1d10b2d31124e2597a4487278bb1b84/system.journal corrupted or uncleanly shut down, renaming and replacing.
         Starting [0;1;39mHelper to synchronize boot up for ifupdown[0m...
[[0;32m  OK  [0m] Finished [0;1;39mCreate Static Device Nodes in /dev[0m.
[[0;32m  OK  [0m] Reached target [0;1;39mLocal File Systems (Pre)[0m.
[[0;32m  OK  [0m] Reached target [0;1;39mLocal File Systems[0m.
         Starting [0;1;39mRule-based Manageâ€¦for Device Events and Files[0m...
[[0;32m  OK  [0m] Finished [0;1;39mFlush Journal to Persistent Storage[0m.
         Starting [0;1;39mCreate Volatile Files and Directories[0m...
[[0;32m  OK  [0m] Started [0;1;39mRule-based Manager for Device Events and Files[0m.
[[0;32m  OK  [0m] Finished [0;1;39mCreate Volatile Files and Directories[0m.
         Starting [0;1;39mUpdate UTMP about System Boot/Shutdown[0m...
[[0;32m  OK  [0m] Finished [0;1;39mUpdate UTMP about System Boot/Shutdown[0m.
[[0;32m  OK  [0m] Reached target [0;1;39mSystem Initialization[0m.
[[0;32m  OK  [0m] Started [0;1;39mDaily apt download activities[0m.
[[0;32m  OK  [0m] Started [0;1;39mDaily apt upgrade and clean activities[0m.
[[0;32m  OK  [0m] Started [0;1;39mPeriodic ext4 Onliâ€¦ata Check for All Filesystems[0m.
[[0;32m  OK  [0m] Started [0;1;39mDiscard unused blocks once a week[0m.
[[0;32m  OK  [0m] Started [0;1;39mDaily rotation of log files[0m.
[[0;32m  OK  [0m] Started [0;1;39mDaily Cleanup of Temporary Directories[0m.
[[0;32m  OK  [0m] Reached target [0;1;39mBasic System[0m.
[[0;32m  OK  [0m] Reached target [0;1;39mTimers[0m.
[[0;32m  OK  [0m] Started [0;1;39mRegular background program processing daemon[0m.
         Starting [0;1;39mRemove Stale Onliâ€¦t4 Metadata Check Snapshots[0m...
         Starting [0;1;39mgetty on tty2-ttyâ€¦nd logind are not available[0m...
         Starting [0;1;39mSystem Logging Service[0m...
[[0;32m  OK  [0m] Found device [0;1;39m/dev/ttyS0[0m.
[[0;32m  OK  [0m] Started [0;1;39mSystem Logging Service[0m.
[[0;32m  OK  [0m] Finished [0;1;39mHelper to synchronize boot up for ifupdown[0m.
[[0;32m  OK  [0m] Finished [0;1;39mRemove Stale Onliâ€¦ext4 Metadata Check Snapshots[0m.
[[0;32m  OK  [0m] Finished [0;1;39mgetty on tty2-ttyâ€¦ and logind are not available[0m.
         Starting [0;1;39mRaise network interfaces[0m...
[    5.503236] 8021q: adding VLAN 0 to HW filter on device eth0
[    5.506140] e1000: eth0 NIC Link is Up 1000 Mbps Full Duplex, Flow Control: RX
[[0;32m  OK  [0m] Finished [0;1;39mRaise network interfaces[0m.
[[0;32m  OK  [0m] Reached target [0;1;39mNetwork[0m.
         Starting [0;1;39mOpenBSD Secure Shell server[0m...
         Starting [0;1;39mPermit User Sessions[0m...
[[0;32m  OK  [0m] Finished [0;1;39mPermit User Sessions[0m.
[[0;32m  OK  [0m] Started [0;1;39mGetty on tty1[0m.
[[0;32m  OK  [0m] Started [0;1;39mGetty on tty2[0m.
[[0;32m  OK  [0m] Started [0;1;39mGetty on tty3[0m.
[[0;32m  OK  [0m] Started [0;1;39mGetty on tty4[0m.
[[0;32m  OK  [0m] Started [0;1;39mGetty on tty5[0m.
[[0;32m  OK  [0m] Started [0;1;39mGetty on tty6[0m.
[[0;32m  OK  [0m] Started [0;1;39mSerial Getty on ttyS0[0m.
[[0;32m  OK  [0m] Reached target [0;1;39mLogin Prompts[0m.
[[0;32m  OK  [0m] Started [0;1;39mOpenBSD Secure Shell server[0m.
[[0;32m  OK  [0m] Reached target [0;1;39mMulti-User System[0m.
[[0;32m  OK  [0m] Reached target [0;1;39mGraphical Interface[0m.
         Starting [0;1;39mUpdate UTMP about System Runlevel Changes[0m...
[[0;32m  OK  [0m] Finished [0;1;39mUpdate UTMP about System Runlevel Changes[0m.

Debian GNU/Linux 11 syzkaller ttyS0

syzkaller login: 